2024-07-20 17:25:13 - INFO - clicking checkout button...
2024-07-20 17:26:36 - INFO - clicking checkout button...
2024-07-20 18:02:52 - INFO - clicking checkout button...
2024-07-20 18:02:57 - ERROR - An error occurred: Message: no such element: Unable to locate element: {"method":"xpath","selector":"//input[@id='input-payment-firstname']"}
  (Session info: chrome=126.0.6478.128); For documentation on this error, please visit: https://www.selenium.dev/documentation/webdriver/troubleshooting/errors#no-such-element-exception
Stacktrace:
	GetHandleVerifier [0x00007FF60183EEB2+31554]
	(No symbol) [0x00007FF6017B7EE9]
	(No symbol) [0x00007FF60167872A]
	(No symbol) [0x00007FF6016C8434]
	(No symbol) [0x00007FF6016C853C]
	(No symbol) [0x00007FF60170F6A7]
	(No symbol) [0x00007FF6016ED06F]
	(No symbol) [0x00007FF60170C977]
	(No symbol) [0x00007FF6016ECDD3]
	(No symbol) [0x00007FF6016BA33B]
	(No symbol) [0x00007FF6016BAED1]
	GetHandleVerifier [0x00007FF601B48B2D+3217341]
	GetHandleVerifier [0x00007FF601B95AF3+3532675]
	GetHandleVerifier [0x00007FF601B8B0F0+3489152]
	GetHandleVerifier [0x00007FF6018EE786+750614]
	(No symbol) [0x00007FF6017C376F]
	(No symbol) [0x00007FF6017BEB24]
	(No symbol) [0x00007FF6017BECB2]
	(No symbol) [0x00007FF6017AE17F]
	BaseThreadInitThunk [0x00007FFB12277344+20]
	RtlUserThreadStart [0x00007FFB1293CC91+33]

2024-07-20 18:04:11 - INFO - clicking checkout button...
2024-07-20 18:04:11 - ERROR - An error occurred: Message: element not interactable
  (Session info: chrome=126.0.6478.128)
Stacktrace:
	GetHandleVerifier [0x00007FF60183EEB2+31554]
	(No symbol) [0x00007FF6017B7EE9]
	(No symbol) [0x00007FF601678559]
	(No symbol) [0x00007FF6016C97C2]
	(No symbol) [0x00007FF6016BC151]
	(No symbol) [0x00007FF6016ED02A]
	(No symbol) [0x00007FF6016BBA76]
	(No symbol) [0x00007FF6016ED240]
	(No symbol) [0x00007FF60170C977]
	(No symbol) [0x00007FF6016ECDD3]
	(No symbol) [0x00007FF6016BA33B]
	(No symbol) [0x00007FF6016BAED1]
	GetHandleVerifier [0x00007FF601B48B2D+3217341]
	GetHandleVerifier [0x00007FF601B95AF3+3532675]
	GetHandleVerifier [0x00007FF601B8B0F0+3489152]
	GetHandleVerifier [0x00007FF6018EE786+750614]
	(No symbol) [0x00007FF6017C376F]
	(No symbol) [0x00007FF6017BEB24]
	(No symbol) [0x00007FF6017BECB2]
	(No symbol) [0x00007FF6017AE17F]
	BaseThreadInitThunk [0x00007FFB12277344+20]
	RtlUserThreadStart [0x00007FFB1293CC91+33]

2024-07-20 18:04:56 - INFO - clicking checkout button...
2024-07-20 18:05:07 - ERROR - An error occurred: 'PostCode'
2024-07-20 18:07:09 - INFO - clicking checkout button...
2024-07-20 18:07:24 - ERROR - An error occurred: 'PostCode'
2024-07-20 18:08:12 - INFO - clicking checkout button...
2024-07-20 18:08:27 - ERROR - An error occurred: 'PostCode'
2024-07-20 18:09:38 - INFO - clicking checkout button...
2024-07-20 20:31:05 - INFO - clicking checkout button...
2024-07-20 20:31:20 - ERROR - An error occurred: Message: no such element: Unable to locate element: {"method":"xpath","selector":"//input[@id='button-shipping-address']"}
  (Session info: chrome=126.0.6478.128); For documentation on this error, please visit: https://www.selenium.dev/documentation/webdriver/troubleshooting/errors#no-such-element-exception
Stacktrace:
	GetHandleVerifier [0x00007FF60183EEB2+31554]
	(No symbol) [0x00007FF6017B7EE9]
	(No symbol) [0x00007FF60167872A]
	(No symbol) [0x00007FF6016C8434]
	(No symbol) [0x00007FF6016C853C]
	(No symbol) [0x00007FF60170F6A7]
	(No symbol) [0x00007FF6016ED06F]
	(No symbol) [0x00007FF60170C977]
	(No symbol) [0x00007FF6016ECDD3]
	(No symbol) [0x00007FF6016BA33B]
	(No symbol) [0x00007FF6016BAED1]
	GetHandleVerifier [0x00007FF601B48B2D+3217341]
	GetHandleVerifier [0x00007FF601B95AF3+3532675]
	GetHandleVerifier [0x00007FF601B8B0F0+3489152]
	GetHandleVerifier [0x00007FF6018EE786+750614]
	(No symbol) [0x00007FF6017C376F]
	(No symbol) [0x00007FF6017BEB24]
	(No symbol) [0x00007FF6017BECB2]
	(No symbol) [0x00007FF6017AE17F]
	BaseThreadInitThunk [0x00007FFB12277344+20]
	RtlUserThreadStart [0x00007FFB1293CC91+33]

2024-07-20 20:36:19 - INFO - clicking checkout button...
2024-07-20 20:36:40 - ERROR - An error occurred: Message: no such element: Unable to locate element: {"method":"xpath","selector":"//input[@name='agree']"}
  (Session info: chrome=126.0.6478.128); For documentation on this error, please visit: https://www.selenium.dev/documentation/webdriver/troubleshooting/errors#no-such-element-exception
Stacktrace:
	GetHandleVerifier [0x00007FF60183EEB2+31554]
	(No symbol) [0x00007FF6017B7EE9]
	(No symbol) [0x00007FF60167872A]
	(No symbol) [0x00007FF6016C8434]
	(No symbol) [0x00007FF6016C853C]
	(No symbol) [0x00007FF60170F6A7]
	(No symbol) [0x00007FF6016ED06F]
	(No symbol) [0x00007FF60170C977]
	(No symbol) [0x00007FF6016ECDD3]
	(No symbol) [0x00007FF6016BA33B]
	(No symbol) [0x00007FF6016BAED1]
	GetHandleVerifier [0x00007FF601B48B2D+3217341]
	GetHandleVerifier [0x00007FF601B95AF3+3532675]
	GetHandleVerifier [0x00007FF601B8B0F0+3489152]
	GetHandleVerifier [0x00007FF6018EE786+750614]
	(No symbol) [0x00007FF6017C376F]
	(No symbol) [0x00007FF6017BEB24]
	(No symbol) [0x00007FF6017BECB2]
	(No symbol) [0x00007FF6017AE17F]
	BaseThreadInitThunk [0x00007FFB12277344+20]
	RtlUserThreadStart [0x00007FFB1293CC91+33]

2024-07-20 20:40:59 - INFO - clicking checkout button...
2024-07-20 20:41:25 - ERROR - An error occurred: Message: no such element: Unable to locate element: {"method":"xpath","selector":"//input[@id='button-shipping-method']"}
  (Session info: chrome=126.0.6478.128); For documentation on this error, please visit: https://www.selenium.dev/documentation/webdriver/troubleshooting/errors#no-such-element-exception
Stacktrace:
	GetHandleVerifier [0x00007FF60183EEB2+31554]
	(No symbol) [0x00007FF6017B7EE9]
	(No symbol) [0x00007FF60167872A]
	(No symbol) [0x00007FF6016C8434]
	(No symbol) [0x00007FF6016C853C]
	(No symbol) [0x00007FF60170F6A7]
	(No symbol) [0x00007FF6016ED06F]
	(No symbol) [0x00007FF60170C977]
	(No symbol) [0x00007FF6016ECDD3]
	(No symbol) [0x00007FF6016BA33B]
	(No symbol) [0x00007FF6016BAED1]
	GetHandleVerifier [0x00007FF601B48B2D+3217341]
	GetHandleVerifier [0x00007FF601B95AF3+3532675]
	GetHandleVerifier [0x00007FF601B8B0F0+3489152]
	GetHandleVerifier [0x00007FF6018EE786+750614]
	(No symbol) [0x00007FF6017C376F]
	(No symbol) [0x00007FF6017BEB24]
	(No symbol) [0x00007FF6017BECB2]
	(No symbol) [0x00007FF6017AE17F]
	BaseThreadInitThunk [0x00007FFB12277344+20]
	RtlUserThreadStart [0x00007FFB1293CC91+33]

2024-07-20 20:43:16 - INFO - clicking checkout button...
2024-07-20 20:43:43 - ERROR - An error occurred: Message: no such element: Unable to locate element: {"method":"xpath","selector":"//input[@id='button-shipping-method']"}
  (Session info: chrome=126.0.6478.128); For documentation on this error, please visit: https://www.selenium.dev/documentation/webdriver/troubleshooting/errors#no-such-element-exception
Stacktrace:
	GetHandleVerifier [0x00007FF60183EEB2+31554]
	(No symbol) [0x00007FF6017B7EE9]
	(No symbol) [0x00007FF60167872A]
	(No symbol) [0x00007FF6016C8434]
	(No symbol) [0x00007FF6016C853C]
	(No symbol) [0x00007FF60170F6A7]
	(No symbol) [0x00007FF6016ED06F]
	(No symbol) [0x00007FF60170C977]
	(No symbol) [0x00007FF6016ECDD3]
	(No symbol) [0x00007FF6016BA33B]
	(No symbol) [0x00007FF6016BAED1]
	GetHandleVerifier [0x00007FF601B48B2D+3217341]
	GetHandleVerifier [0x00007FF601B95AF3+3532675]
	GetHandleVerifier [0x00007FF601B8B0F0+3489152]
	GetHandleVerifier [0x00007FF6018EE786+750614]
	(No symbol) [0x00007FF6017C376F]
	(No symbol) [0x00007FF6017BEB24]
	(No symbol) [0x00007FF6017BECB2]
	(No symbol) [0x00007FF6017AE17F]
	BaseThreadInitThunk [0x00007FFB12277344+20]
	RtlUserThreadStart [0x00007FFB1293CC91+33]

2024-07-20 20:47:48 - INFO - clicking checkout button...
2024-07-20 20:48:14 - ERROR - An error occurred: Message: no such element: Unable to locate element: {"method":"xpath","selector":"//input[@id='button-shipping-method']"}
  (Session info: chrome=126.0.6478.128); For documentation on this error, please visit: https://www.selenium.dev/documentation/webdriver/troubleshooting/errors#no-such-element-exception
Stacktrace:
	GetHandleVerifier [0x00007FF60183EEB2+31554]
	(No symbol) [0x00007FF6017B7EE9]
	(No symbol) [0x00007FF60167872A]
	(No symbol) [0x00007FF6016C8434]
	(No symbol) [0x00007FF6016C853C]
	(No symbol) [0x00007FF60170F6A7]
	(No symbol) [0x00007FF6016ED06F]
	(No symbol) [0x00007FF60170C977]
	(No symbol) [0x00007FF6016ECDD3]
	(No symbol) [0x00007FF6016BA33B]
	(No symbol) [0x00007FF6016BAED1]
	GetHandleVerifier [0x00007FF601B48B2D+3217341]
	GetHandleVerifier [0x00007FF601B95AF3+3532675]
	GetHandleVerifier [0x00007FF601B8B0F0+3489152]
	GetHandleVerifier [0x00007FF6018EE786+750614]
	(No symbol) [0x00007FF6017C376F]
	(No symbol) [0x00007FF6017BEB24]
	(No symbol) [0x00007FF6017BECB2]
	(No symbol) [0x00007FF6017AE17F]
	BaseThreadInitThunk [0x00007FFB12277344+20]
	RtlUserThreadStart [0x00007FFB1293CC91+33]

2024-07-20 20:49:16 - INFO - clicking checkout button...
